{
  "version": "1.5.0",
  "plugins_used": [
    {
      "name": "ArtifactoryDetector"
    },
    {
      "name": "AWSKeyDetector"
    },
    {
      "name": "AzureStorageKeyDetector"
    },
    {
      "name": "Base64HighEntropyString",
      "limit": 4.5
    },
    {
      "name": "BasicAuthDetector"
    },
    {
      "name": "CloudantDetector"
    },
    {
      "name": "DiscordBotTokenDetector"
    },
    {
      "name": "GitHubTokenDetector"
    },
    {
      "name": "GitLabTokenDetector"
    },
    {
      "name": "HexHighEntropyString",
      "limit": 3.0
    },
    {
      "name": "IbmCloudIamDetector"
    },
    {
      "name": "IbmCosHmacDetector"
    },
    {
      "name": "IPPublicDetector"
    },
    {
      "name": "JwtTokenDetector"
    },
    {
      "name": "KeywordDetector",
      "keyword_exclude": ""
    },
    {
      "name": "MailchimpDetector"
    },
    {
      "name": "NpmDetector"
    },
    {
      "name": "OpenAIDetector"
    },
    {
      "name": "PrivateKeyDetector"
    },
    {
      "name": "PypiTokenDetector"
    },
    {
      "name": "SendGridDetector"
    },
    {
      "name": "SlackDetector"
    },
    {
      "name": "SoftlayerDetector"
    },
    {
      "name": "SquareOAuthDetector"
    },
    {
      "name": "StripeDetector"
    },
    {
      "name": "TelegramBotTokenDetector"
    },
    {
      "name": "TwilioKeyDetector"
    }
  ],
  "filters_used": [
    {
      "path": "detect_secrets.filters.allowlist.is_line_allowlisted"
    },
    {
      "path": "detect_secrets.filters.common.is_baseline_file",
      "filename": ".secrets.baseline"
    },
    {
      "path": "detect_secrets.filters.common.is_ignored_due_to_verification_policies",
      "min_level": 2
    },
    {
      "path": "detect_secrets.filters.heuristic.is_indirect_reference"
    },
    {
      "path": "detect_secrets.filters.heuristic.is_likely_id_string"
    },
    {
      "path": "detect_secrets.filters.heuristic.is_lock_file"
    },
    {
      "path": "detect_secrets.filters.heuristic.is_not_alphanumeric_string"
    },
    {
      "path": "detect_secrets.filters.heuristic.is_potential_uuid"
    },
    {
      "path": "detect_secrets.filters.heuristic.is_prefixed_with_dollar_sign"
    },
    {
      "path": "detect_secrets.filters.heuristic.is_sequential_string"
    },
    {
      "path": "detect_secrets.filters.heuristic.is_swagger_file"
    },
    {
      "path": "detect_secrets.filters.heuristic.is_templated_secret"
    }
  ],
  "results": {
    ".env.example": [
      {
        "type": "Basic Auth Credentials",
        "filename": ".env.example",
        "hashed_secret": "cca3442570b5c68c5dbbc01eab6330533519a331",
        "is_verified": false,
        "line_number": 11
      }
    ],
    ".github/workflows/ci.yml": [
      {
        "type": "Base64 High Entropy String",
        "filename": ".github/workflows/ci.yml",
        "hashed_secret": "5d94ad66691eee0e0cdb6aca0d0d5aa78c4553c8",
        "is_verified": false,
        "line_number": 24
      },
      {
        "type": "Secret Keyword",
        "filename": ".github/workflows/ci.yml",
        "hashed_secret": "5d94ad66691eee0e0cdb6aca0d0d5aa78c4553c8",
        "is_verified": false,
        "line_number": 24
      },
      {
        "type": "Basic Auth Credentials",
        "filename": ".github/workflows/ci.yml",
        "hashed_secret": "9de8ffafcde513fa5171292c68b0a3fe707f66c9",
        "is_verified": false,
        "line_number": 85
      },
      {
        "type": "Secret Keyword",
        "filename": ".github/workflows/ci.yml",
        "hashed_secret": "a986b3f0ce2191aaad0b5c11696d11547969ed04",
        "is_verified": false,
        "line_number": 93
      },
      {
        "type": "Secret Keyword",
        "filename": ".github/workflows/ci.yml",
        "hashed_secret": "33f4b03888c1c96a9b6e4da3a28ecf291e947aed",
        "is_verified": false,
        "line_number": 98
      },
      {
        "type": "Secret Keyword",
        "filename": ".github/workflows/ci.yml",
        "hashed_secret": "5c25b98629204beaaab8e69b86ade910b9237545",
        "is_verified": false,
        "line_number": 101
      },
      {
        "type": "Secret Keyword",
        "filename": ".github/workflows/ci.yml",
        "hashed_secret": "3007603235949857ea856c36ea5b1dffb8523a20",
        "is_verified": false,
        "line_number": 103
      },
      {
        "type": "Secret Keyword",
        "filename": ".github/workflows/ci.yml",
        "hashed_secret": "49f32c561bf7f9a5d2f8ce482a687f54fa372bc9",
        "is_verified": false,
        "line_number": 106
      },
      {
        "type": "Secret Keyword",
        "filename": ".github/workflows/ci.yml",
        "hashed_secret": "6156234ec965b8e377800200e3d87f283018cdd2",
        "is_verified": false,
        "line_number": 110
      },
      {
        "type": "Base64 High Entropy String",
        "filename": ".github/workflows/ci.yml",
        "hashed_secret": "dfaea8bd16c2cb2022577578d9b573ff8a05ecca",
        "is_verified": false,
        "line_number": 111
      },
      {
        "type": "Secret Keyword",
        "filename": ".github/workflows/ci.yml",
        "hashed_secret": "dfaea8bd16c2cb2022577578d9b573ff8a05ecca",
        "is_verified": false,
        "line_number": 111
      },
      {
        "type": "Base64 High Entropy String",
        "filename": ".github/workflows/ci.yml",
        "hashed_secret": "46015690e4ce85a8d5f85244cb8db0e48e8971a4",
        "is_verified": false,
        "line_number": 112
      },
      {
        "type": "Secret Keyword",
        "filename": ".github/workflows/ci.yml",
        "hashed_secret": "46015690e4ce85a8d5f85244cb8db0e48e8971a4",
        "is_verified": false,
        "line_number": 112
      },
      {
        "type": "Secret Keyword",
        "filename": ".github/workflows/ci.yml",
        "hashed_secret": "b59c1463a4eadbd0fe21a38a2ef007fb8571ad27",
        "is_verified": false,
        "line_number": 115
      },
      {
        "type": "Secret Keyword",
        "filename": ".github/workflows/ci.yml",
        "hashed_secret": "0ae9cb076fa1c918d87183aa5d8da5d01ce16d36",
        "is_verified": false,
        "line_number": 119
      }
    ],
    "apps/assets/imagekit.py": [
      {
        "type": "Secret Keyword",
        "filename": "apps/assets/imagekit.py",
        "hashed_secret": "f32a07369c6fd4eaacb1f5a8877824ef98204a1c",
        "is_verified": false,
        "line_number": 55
      }
    ],
    "apps/integrations/models.py": [
      {
        "type": "Secret Keyword",
        "filename": "apps/integrations/models.py",
        "hashed_secret": "665b1e3851eefefa3fb878654292f16597d25155",
        "is_verified": false,
        "line_number": 23
      }
    ],
    "config/settings/test.py": [
      {
        "type": "Secret Keyword",
        "filename": "config/settings/test.py",
        "hashed_secret": "bafed5bbd3d189edfb36f20c3911c73f6c653e26",
        "is_verified": false,
        "line_number": 4
      },
      {
        "type": "Secret Keyword",
        "filename": "config/settings/test.py",
        "hashed_secret": "c9244e61aff4c392acab233287affea119e1d54b",
        "is_verified": false,
        "line_number": 28
      },
      {
        "type": "Secret Keyword",
        "filename": "config/settings/test.py",
        "hashed_secret": "8ad2c4f194e771b6a093d4774f0731418d0ee33b",
        "is_verified": false,
        "line_number": 34
      },
      {
        "type": "Secret Keyword",
        "filename": "config/settings/test.py",
        "hashed_secret": "9bfce7c9d00e22ba850cc47c3d318cd7990247d0",
        "is_verified": false,
        "line_number": 36
      }
    ],
    "tests/conftest.py": [
      {
        "type": "Secret Keyword",
        "filename": "tests/conftest.py",
        "hashed_secret": "1c58bd92003bbaa0538e249fff6ee19a270dec5f",
        "is_verified": false,
        "line_number": 113
      },
      {
        "type": "Secret Keyword",
        "filename": "tests/conftest.py",
        "hashed_secret": "449ed97bdef672c3aadc98dcdaa63fe9d357f8f1",
        "is_verified": false,
        "line_number": 124
      }
    ],
    "tests/test_content_tools.py": [
      {
        "type": "Secret Keyword",
        "filename": "tests/test_content_tools.py",
        "hashed_secret": "f32a07369c6fd4eaacb1f5a8877824ef98204a1c",
        "is_verified": false,
        "line_number": 70
      }
    ],
    "tests/test_identity_auth.py": [
      {
        "type": "Secret Keyword",
        "filename": "tests/test_identity_auth.py",
        "hashed_secret": "c9244e61aff4c392acab233287affea119e1d54b",
        "is_verified": false,
        "line_number": 18
      }
    ],
    "tests/test_imagekit_assets.py": [
      {
        "type": "Secret Keyword",
        "filename": "tests/test_imagekit_assets.py",
        "hashed_secret": "a6ed9475b8b6ce3917f90f725e62cfa98ba8e286",
        "is_verified": false,
        "line_number": 14
      }
    ],
    "tests/test_operational_proofs.py": [
      {
        "type": "Base64 High Entropy String",
        "filename": "tests/test_operational_proofs.py",
        "hashed_secret": "5d94ad66691eee0e0cdb6aca0d0d5aa78c4553c8",
        "is_verified": false,
        "line_number": 17
      },
      {
        "type": "Secret Keyword",
        "filename": "tests/test_operational_proofs.py",
        "hashed_secret": "5d94ad66691eee0e0cdb6aca0d0d5aa78c4553c8",
        "is_verified": false,
        "line_number": 17
      },
      {
        "type": "Basic Auth Credentials",
        "filename": "tests/test_operational_proofs.py",
        "hashed_secret": "9d4e1e23bd5b727046a9e3b4b7db57bd8d6ee684",
        "is_verified": false,
        "line_number": 21
      },
      {
        "type": "Secret Keyword",
        "filename": "tests/test_operational_proofs.py",
        "hashed_secret": "33f4b03888c1c96a9b6e4da3a28ecf291e947aed",
        "is_verified": false,
        "line_number": 24
      },
      {
        "type": "Secret Keyword",
        "filename": "tests/test_operational_proofs.py",
        "hashed_secret": "b59c1463a4eadbd0fe21a38a2ef007fb8571ad27",
        "is_verified": false,
        "line_number": 27
      },
      {
        "type": "Secret Keyword",
        "filename": "tests/test_operational_proofs.py",
        "hashed_secret": "dbde18e4a5ea094bc619d60213925a7977d077ec",
        "is_verified": false,
        "line_number": 30
      },
      {
        "type": "Secret Keyword",
        "filename": "tests/test_operational_proofs.py",
        "hashed_secret": "a986b3f0ce2191aaad0b5c11696d11547969ed04",
        "is_verified": false,
        "line_number": 38
      },
      {
        "type": "Secret Keyword",
        "filename": "tests/test_operational_proofs.py",
        "hashed_secret": "26eae588d0859648be8edcf9cd2cf19bbdfacd43",
        "is_verified": false,
        "line_number": 40
      },
      {
        "type": "Secret Keyword",
        "filename": "tests/test_operational_proofs.py",
        "hashed_secret": "49f32c561bf7f9a5d2f8ce482a687f54fa372bc9",
        "is_verified": false,
        "line_number": 43
      },
      {
        "type": "Secret Keyword",
        "filename": "tests/test_operational_proofs.py",
        "hashed_secret": "6156234ec965b8e377800200e3d87f283018cdd2",
        "is_verified": false,
        "line_number": 47
      },
      {
        "type": "Base64 High Entropy String",
        "filename": "tests/test_operational_proofs.py",
        "hashed_secret": "dfaea8bd16c2cb2022577578d9b573ff8a05ecca",
        "is_verified": false,
        "line_number": 48
      },
      {
        "type": "Secret Keyword",
        "filename": "tests/test_operational_proofs.py",
        "hashed_secret": "dfaea8bd16c2cb2022577578d9b573ff8a05ecca",
        "is_verified": false,
        "line_number": 48
      },
      {
        "type": "Base64 High Entropy String",
        "filename": "tests/test_operational_proofs.py",
        "hashed_secret": "46015690e4ce85a8d5f85244cb8db0e48e8971a4",
        "is_verified": false,
        "line_number": 49
      },
      {
        "type": "Secret Keyword",
        "filename": "tests/test_operational_proofs.py",
        "hashed_secret": "46015690e4ce85a8d5f85244cb8db0e48e8971a4",
        "is_verified": false,
        "line_number": 49
      },
      {
        "type": "Secret Keyword",
        "filename": "tests/test_operational_proofs.py",
        "hashed_secret": "0f9cd545efc81420d7486acf9d6aa3108d28fed4",
        "is_verified": false,
        "line_number": 54
      }
    ],
    "tests/test_phase1_foundations.py": [
      {
        "type": "Base64 High Entropy String",
        "filename": "tests/test_phase1_foundations.py",
        "hashed_secret": "6b5315eb86e2d544bbb3bd9452c3066ef9c69f5f",
        "is_verified": false,
        "line_number": 15
      },
      {
        "type": "Secret Keyword",
        "filename": "tests/test_phase1_foundations.py",
        "hashed_secret": "6b5315eb86e2d544bbb3bd9452c3066ef9c69f5f",
        "is_verified": false,
        "line_number": 15
      },
      {
        "type": "Basic Auth Credentials",
        "filename": "tests/test_phase1_foundations.py",
        "hashed_secret": "9d4e1e23bd5b727046a9e3b4b7db57bd8d6ee684",
        "is_verified": false,
        "line_number": 19
      },
      {
        "type": "Secret Keyword",
        "filename": "tests/test_phase1_foundations.py",
        "hashed_secret": "0b52d4c7bc04b2ec401c1819d380404fe1780b4f",
        "is_verified": false,
        "line_number": 22
      },
      {
        "type": "Secret Keyword",
        "filename": "tests/test_phase1_foundations.py",
        "hashed_secret": "dbde18e4a5ea094bc619d60213925a7977d077ec",
        "is_verified": false,
        "line_number": 26
      },
      {
        "type": "Secret Keyword",
        "filename": "tests/test_phase1_foundations.py",
        "hashed_secret": "82e3f2be0582e9d69ed4d521e7b6c995a869f77f",
        "is_verified": false,
        "line_number": 34
      },
      {
        "type": "Secret Keyword",
        "filename": "tests/test_phase1_foundations.py",
        "hashed_secret": "26eae588d0859648be8edcf9cd2cf19bbdfacd43",
        "is_verified": false,
        "line_number": 36
      },
      {
        "type": "Base64 High Entropy String",
        "filename": "tests/test_phase1_foundations.py",
        "hashed_secret": "e3d346b46a3fdbde102c4efd81e63fe739892c90",
        "is_verified": false,
        "line_number": 38
      },
      {
        "type": "Secret Keyword",
        "filename": "tests/test_phase1_foundations.py",
        "hashed_secret": "e3d346b46a3fdbde102c4efd81e63fe739892c90",
        "is_verified": false,
        "line_number": 38
      },
      {
        "type": "Secret Keyword",
        "filename": "tests/test_phase1_foundations.py",
        "hashed_secret": "709c96e2a1afe50ee81e2509fabf0dcd953a0fbe",
        "is_verified": false,
        "line_number": 39
      },
      {
        "type": "Secret Keyword",
        "filename": "tests/test_phase1_foundations.py",
        "hashed_secret": "8516952d54bd7548893fb09fb9f4bfff87315394",
        "is_verified": false,
        "line_number": 41
      },
      {
        "type": "Secret Keyword",
        "filename": "tests/test_phase1_foundations.py",
        "hashed_secret": "ec9529a2740c037a6141e71fd31acf48704e2301",
        "is_verified": false,
        "line_number": 45
      },
      {
        "type": "Secret Keyword",
        "filename": "tests/test_phase1_foundations.py",
        "hashed_secret": "0f9cd545efc81420d7486acf9d6aa3108d28fed4",
        "is_verified": false,
        "line_number": 50
      },
      {
        "type": "Secret Keyword",
        "filename": "tests/test_phase1_foundations.py",
        "hashed_secret": "1def78d2ae98d17eeb3aa030837de21a7bd35db3",
        "is_verified": false,
        "line_number": 55
      }
    ],
    "tests/test_phase4_6_audit.py": [
      {
        "type": "Secret Keyword",
        "filename": "tests/test_phase4_6_audit.py",
        "hashed_secret": "5baa61e4c9b93f3f0682250b6cf8331b7ee68fd8",
        "is_verified": false,
        "line_number": 190
      },
      {
        "type": "Secret Keyword",
        "filename": "tests/test_phase4_6_audit.py",
        "hashed_secret": "fef341f85d87439e7d91a2d465b9871ef66b5e98",
        "is_verified": false,
        "line_number": 371
      }
    ],
    "tests/test_phase6_event_platform.py": [
      {
        "type": "Secret Keyword",
        "filename": "tests/test_phase6_event_platform.py",
        "hashed_secret": "fe1bae27cb7c1fb823f496f286e78f1d2ae87734",
        "is_verified": false,
        "line_number": 286
      }
    ],
    "tests/test_phase7_ai_gateway.py": [
      {
        "type": "Secret Keyword",
        "filename": "tests/test_phase7_ai_gateway.py",
        "hashed_secret": "ef7c0b83a26125ba071296b470cdb48e51f301ea",
        "is_verified": false,
        "line_number": 48
      },
      {
        "type": "Secret Keyword",
        "filename": "tests/test_phase7_ai_gateway.py",
        "hashed_secret": "eb4c9d9939c07e7882eaa9ba4a07331ff5f2aa64",
        "is_verified": false,
        "line_number": 49
      },
      {
        "type": "Secret Keyword",
        "filename": "tests/test_phase7_ai_gateway.py",
        "hashed_secret": "4ea8d2335b430796cf3f500368c5b0f5b1dc90f5",
        "is_verified": false,
        "line_number": 347
      }
    ],
    "tests/test_phase9_tools_mcp.py": [
      {
        "type": "Basic Auth Credentials",
        "filename": "tests/test_phase9_tools_mcp.py",
        "hashed_secret": "1a91d62f7ca67399625a4368a6ab5d4a3baa6073",
        "is_verified": false,
        "line_number": 403
      },
      {
        "type": "Secret Keyword",
        "filename": "tests/test_phase9_tools_mcp.py",
        "hashed_secret": "650ac47b100c1a58563a75e29769c79f8ad79e49",
        "is_verified": false,
        "line_number": 457
      }
    ],
    "tests/test_supabase_identity.py": [
      {
        "type": "Secret Keyword",
        "filename": "tests/test_supabase_identity.py",
        "hashed_secret": "aea43bef2da8d0192490cce1c61c67b7bf2a416d",
        "is_verified": false,
        "line_number": 97
      }
    ]
  },
  "generated_at": "2026-10-04T20:14:06Z"
}
