{
  "version": "1.5.0",
  "plugins_used": [
    {
      "name": "ArtifactoryDetector"
    },
    {
      "name": "AWSKeyDetector"
    },
    {
      "name": "AzureStorageKeyDetector"
    },
    {
      "name": "Base64HighEntropyString",
      "limit": 4.5
    },
    {
      "name": "BasicAuthDetector"
    },
    {
      "name": "CloudantDetector"
    },
    {
      "name": "DiscordBotTokenDetector"
    },
    {
      "name": "GitHubTokenDetector"
    },
    {
      "name": "GitLabTokenDetector"
    },
    {
      "name": "HexHighEntropyString",
      "limit": 3.0
    },
    {
      "name": "IbmCloudIamDetector"
    },
    {
      "name": "IbmCosHmacDetector"
    },
    {
      "name": "IPPublicDetector"
    },
    {
      "name": "JwtTokenDetector"
    },
    {
      "name": "KeywordDetector",
      "keyword_exclude": ""
    },
    {
      "name": "MailchimpDetector"
    },
    {
      "name": "NpmDetector"
    },
    {
      "name": "OpenAIDetector"
    },
    {
      "name": "PrivateKeyDetector"
    },
    {
      "name": "PypiTokenDetector"
    },
    {
      "name": "SendGridDetector"
    },
    {
      "name": "SlackDetector"
    },
    {
      "name": "SoftlayerDetector"
    },
    {
      "name": "SquareOAuthDetector"
    },
    {
      "name": "StripeDetector"
    },
    {
      "name": "TelegramBotTokenDetector"
    },
    {
      "name": "TwilioKeyDetector"
    }
  ],
  "filters_used": [
    {
      "path": "detect_secrets.filters.allowlist.is_line_allowlisted"
    },
    {
      "path": "detect_secrets.filters.common.is_ignored_due_to_verification_policies",
      "min_level": 2
    },
    {
      "path": "detect_secrets.filters.heuristic.is_indirect_reference"
    },
    {
      "path": "detect_secrets.filters.heuristic.is_likely_id_string"
    },
    {
      "path": "detect_secrets.filters.heuristic.is_lock_file"
    },
    {
      "path": "detect_secrets.filters.heuristic.is_not_alphanumeric_string"
    },
    {
      "path": "detect_secrets.filters.heuristic.is_potential_uuid"
    },
    {
      "path": "detect_secrets.filters.heuristic.is_prefixed_with_dollar_sign"
    },
    {
      "path": "detect_secrets.filters.heuristic.is_sequential_string"
    },
    {
      "path": "detect_secrets.filters.heuristic.is_swagger_file"
    },
    {
      "path": "detect_secrets.filters.heuristic.is_templated_secret"
    }
  ],
  "results": {
    ".env.example": [
      {
        "type": "Basic Auth Credentials",
        "filename": ".env.example",
        "hashed_secret": "9de8ffafcde513fa5171292c68b0a3fe707f66c9",
        "is_verified": false
      }
    ],
    ".github/workflows/ci.yml": [
      {
        "type": "Secret Keyword",
        "filename": ".github/workflows/ci.yml",
        "hashed_secret": "afc848c316af1a89d49826c5ae9d00ed769415f3",
        "is_verified": false
      },
      {
        "type": "Base64 High Entropy String",
        "filename": ".github/workflows/ci.yml",
        "hashed_secret": "5d94ad66691eee0e0cdb6aca0d0d5aa78c4553c8",
        "is_verified": false
      },
      {
        "type": "Secret Keyword",
        "filename": ".github/workflows/ci.yml",
        "hashed_secret": "5d94ad66691eee0e0cdb6aca0d0d5aa78c4553c8",
        "is_verified": false
      },
      {
        "type": "Basic Auth Credentials",
        "filename": ".github/workflows/ci.yml",
        "hashed_secret": "afc848c316af1a89d49826c5ae9d00ed769415f3",
        "is_verified": false
      },
      {
        "type": "Basic Auth Credentials",
        "filename": ".github/workflows/ci.yml",
        "hashed_secret": "9de8ffafcde513fa5171292c68b0a3fe707f66c9",
        "is_verified": false
      },
      {
        "type": "Secret Keyword",
        "filename": ".github/workflows/ci.yml",
        "hashed_secret": "a986b3f0ce2191aaad0b5c11696d11547969ed04",
        "is_verified": false
      },
      {
        "type": "Secret Keyword",
        "filename": ".github/workflows/ci.yml",
        "hashed_secret": "27c03ee158bad2541f20fa589dea3e4418734dd1",
        "is_verified": false
      },
      {
        "type": "Secret Keyword",
        "filename": ".github/workflows/ci.yml",
        "hashed_secret": "5c25b98629204beaaab8e69b86ade910b9237545",
        "is_verified": false
      },
      {
        "type": "Secret Keyword",
        "filename": ".github/workflows/ci.yml",
        "hashed_secret": "3007603235949857ea856c36ea5b1dffb8523a20",
        "is_verified": false
      },
      {
        "type": "Secret Keyword",
        "filename": ".github/workflows/ci.yml",
        "hashed_secret": "49f32c561bf7f9a5d2f8ce482a687f54fa372bc9",
        "is_verified": false
      },
      {
        "type": "Secret Keyword",
        "filename": ".github/workflows/ci.yml",
        "hashed_secret": "68b81bd18f240138a6ee578d5c266f95b5c0b48c",
        "is_verified": false
      },
      {
        "type": "Secret Keyword",
        "filename": ".github/workflows/ci.yml",
        "hashed_secret": "6156234ec965b8e377800200e3d87f283018cdd2",
        "is_verified": false
      },
      {
        "type": "Base64 High Entropy String",
        "filename": ".github/workflows/ci.yml",
        "hashed_secret": "dfaea8bd16c2cb2022577578d9b573ff8a05ecca",
        "is_verified": false
      },
      {
        "type": "Secret Keyword",
        "filename": ".github/workflows/ci.yml",
        "hashed_secret": "dfaea8bd16c2cb2022577578d9b573ff8a05ecca",
        "is_verified": false
      },
      {
        "type": "Base64 High Entropy String",
        "filename": ".github/workflows/ci.yml",
        "hashed_secret": "46015690e4ce85a8d5f85244cb8db0e48e8971a4",
        "is_verified": false
      },
      {
        "type": "Secret Keyword",
        "filename": ".github/workflows/ci.yml",
        "hashed_secret": "46015690e4ce85a8d5f85244cb8db0e48e8971a4",
        "is_verified": false
      }
    ],
    "apps/assets/imagekit.py": [
      {
        "type": "Secret Keyword",
        "filename": "apps/assets/imagekit.py",
        "hashed_secret": "f32a07369c6fd4eaacb1f5a8877824ef98204a1c",
        "is_verified": false
      }
    ],
    "apps/integrations/models.py": [
      {
        "type": "Secret Keyword",
        "filename": "apps/integrations/models.py",
        "hashed_secret": "665b1e3851eefefa3fb878654292f16597d25155",
        "is_verified": false
      }
    ],
    "config/settings/test.py": [
      {
        "type": "Secret Keyword",
        "filename": "config/settings/test.py",
        "hashed_secret": "bafed5bbd3d189edfb36f20c3911c73f6c653e26",
        "is_verified": false
      },
      {
        "type": "Secret Keyword",
        "filename": "config/settings/test.py",
        "hashed_secret": "c9244e61aff4c392acab233287affea119e1d54b",
        "is_verified": false
      }
    ],
    "docker-compose.yml": [
      {
        "type": "Basic Auth Credentials",
        "filename": "docker-compose.yml",
        "hashed_secret": "afc848c316af1a89d49826c5ae9d00ed769415f3",
        "is_verified": false
      },
      {
        "type": "Secret Keyword",
        "filename": "docker-compose.yml",
        "hashed_secret": "afc848c316af1a89d49826c5ae9d00ed769415f3",
        "is_verified": false
      }
    ],
    "tests/conftest.py": [
      {
        "type": "Secret Keyword",
        "filename": "tests/conftest.py",
        "hashed_secret": "1c58bd92003bbaa0538e249fff6ee19a270dec5f",
        "is_verified": false
      },
      {
        "type": "Secret Keyword",
        "filename": "tests/conftest.py",
        "hashed_secret": "449ed97bdef672c3aadc98dcdaa63fe9d357f8f1",
        "is_verified": false
      }
    ],
    "tests/test_content_tools.py": [
      {
        "type": "Secret Keyword",
        "filename": "tests/test_content_tools.py",
        "hashed_secret": "f32a07369c6fd4eaacb1f5a8877824ef98204a1c",
        "is_verified": false
      }
    ],
    "tests/test_identity_auth.py": [
      {
        "type": "Secret Keyword",
        "filename": "tests/test_identity_auth.py",
        "hashed_secret": "c9244e61aff4c392acab233287affea119e1d54b",
        "is_verified": false
      }
    ],
    "tests/test_imagekit_assets.py": [
      {
        "type": "Secret Keyword",
        "filename": "tests/test_imagekit_assets.py",
        "hashed_secret": "a6ed9475b8b6ce3917f90f725e62cfa98ba8e286",
        "is_verified": false
      }
    ],
    "tests/test_operational_proofs.py": [
      {
        "type": "Basic Auth Credentials",
        "filename": "tests/test_operational_proofs.py",
        "hashed_secret": "9d4e1e23bd5b727046a9e3b4b7db57bd8d6ee684",
        "is_verified": false
      },
      {
        "type": "Secret Keyword",
        "filename": "tests/test_operational_proofs.py",
        "hashed_secret": "add05a6c98d45a5e5de17c96fe35b8f97ed88ee3",
        "is_verified": false
      },
      {
        "type": "Secret Keyword",
        "filename": "tests/test_operational_proofs.py",
        "hashed_secret": "dbde18e4a5ea094bc619d60213925a7977d077ec",
        "is_verified": false
      },
      {
        "type": "Secret Keyword",
        "filename": "tests/test_operational_proofs.py",
        "hashed_secret": "26eae588d0859648be8edcf9cd2cf19bbdfacd43",
        "is_verified": false
      },
      {
        "type": "Secret Keyword",
        "filename": "tests/test_operational_proofs.py",
        "hashed_secret": "e55de53c08f311f81a75afcfc00628f2f599bc67",
        "is_verified": false
      },
      {
        "type": "Secret Keyword",
        "filename": "tests/test_operational_proofs.py",
        "hashed_secret": "8865b9ac9cbe4e3aa786da9ea40b535aa136a26c",
        "is_verified": false
      }
    ],
    "tests/test_phase1_foundations.py": [
      {
        "type": "Base64 High Entropy String",
        "filename": "tests/test_phase1_foundations.py",
        "hashed_secret": "6b5315eb86e2d544bbb3bd9452c3066ef9c69f5f",
        "is_verified": false
      },
      {
        "type": "Secret Keyword",
        "filename": "tests/test_phase1_foundations.py",
        "hashed_secret": "6b5315eb86e2d544bbb3bd9452c3066ef9c69f5f",
        "is_verified": false
      },
      {
        "type": "Basic Auth Credentials",
        "filename": "tests/test_phase1_foundations.py",
        "hashed_secret": "9d4e1e23bd5b727046a9e3b4b7db57bd8d6ee684",
        "is_verified": false
      },
      {
        "type": "Secret Keyword",
        "filename": "tests/test_phase1_foundations.py",
        "hashed_secret": "add05a6c98d45a5e5de17c96fe35b8f97ed88ee3",
        "is_verified": false
      },
      {
        "type": "Secret Keyword",
        "filename": "tests/test_phase1_foundations.py",
        "hashed_secret": "dbde18e4a5ea094bc619d60213925a7977d077ec",
        "is_verified": false
      },
      {
        "type": "Secret Keyword",
        "filename": "tests/test_phase1_foundations.py",
        "hashed_secret": "82e3f2be0582e9d69ed4d521e7b6c995a869f77f",
        "is_verified": false
      },
      {
        "type": "Secret Keyword",
        "filename": "tests/test_phase1_foundations.py",
        "hashed_secret": "26eae588d0859648be8edcf9cd2cf19bbdfacd43",
        "is_verified": false
      },
      {
        "type": "Base64 High Entropy String",
        "filename": "tests/test_phase1_foundations.py",
        "hashed_secret": "e3d346b46a3fdbde102c4efd81e63fe739892c90",
        "is_verified": false
      },
      {
        "type": "Secret Keyword",
        "filename": "tests/test_phase1_foundations.py",
        "hashed_secret": "e3d346b46a3fdbde102c4efd81e63fe739892c90",
        "is_verified": false
      },
      {
        "type": "Secret Keyword",
        "filename": "tests/test_phase1_foundations.py",
        "hashed_secret": "709c96e2a1afe50ee81e2509fabf0dcd953a0fbe",
        "is_verified": false
      },
      {
        "type": "Secret Keyword",
        "filename": "tests/test_phase1_foundations.py",
        "hashed_secret": "8516952d54bd7548893fb09fb9f4bfff87315394",
        "is_verified": false
      },
      {
        "type": "Secret Keyword",
        "filename": "tests/test_phase1_foundations.py",
        "hashed_secret": "92199cf00e137f180fb7624a0231ec6bf729e3c6",
        "is_verified": false
      },
      {
        "type": "Secret Keyword",
        "filename": "tests/test_phase1_foundations.py",
        "hashed_secret": "ec9529a2740c037a6141e71fd31acf48704e2301",
        "is_verified": false
      }
    ]
  }
}
